[INFO] Scanning for projects...
[INFO] 
[INFO] ----------------< es.udc.paproject:pa-project-backend >-----------------
[INFO] Building PA Project Backend 1.0.0
[INFO]   from pom.xml
[INFO] --------------------------------[ jar ]---------------------------------
[INFO] 
[INFO] --- resources:3.3.1:resources (default-resources) @ pa-project-backend ---
[INFO] Copying 1 resource from src/main/resources to target/classes
[INFO] Copying 3 resources from src/main/resources to target/classes
[INFO] 
[INFO] --- compiler:3.13.0:compile (default-compile) @ pa-project-backend ---
[INFO] Nothing to compile - all classes are up to date.
[INFO] ------------------------------------------------------------------------
[INFO] BUILD SUCCESS
[INFO] ------------------------------------------------------------------------
[INFO] Total time:  0.527 s
[INFO] Finished at: 2026-03-18T23:39:22+01:00
[INFO] ------------------------------------------------------------------------
